[2026-05-28 15:34:54] {
    "success": false,
    "code": "SMTP_ERROR",
    "message": "SMTP Error: Could not authenticate.",
    "context": {
        "email": "chukwuebukaokeke09@gmail.com"
    }
}
[2026-05-28 15:35:01] {
    "success": false,
    "code": "SMTP_ERROR",
    "message": "SMTP Error: Could not authenticate.",
    "context": {
        "email": "thompsonprince952@gmail.com"
    }
}
[2026-05-28 15:35:09] {
    "success": false,
    "code": "SMTP_ERROR",
    "message": "SMTP Error: Could not authenticate.",
    "context": {
        "email": "mrwisdom8086@gmail.com"
    }
}
[2026-05-28 15:35:45] {
    "success": false,
    "code": "SMTP_ERROR",
    "message": "SMTP Error: Could not authenticate.",
    "context": {
        "email": "chukwuebukaokeke09@gmail.com"
    }
}
[2026-05-28 16:43:03] {
    "success": false,
    "code": "SMTP_ERROR",
    "message": "SMTP Error: Could not authenticate.",
    "context": {
        "email": "chukwuebukaokeke09@gmail.com"
    }
}
